/home/me/ekinoks/ADC_DMA_Transfer/Src/main.c:73:5:main	8	static
/home/me/ekinoks/ADC_DMA_Transfer/Src/main.c:143:6:SystemClock_Config	128	static
/home/me/ekinoks/ADC_DMA_Transfer/Src/main.c:199:13:SystemPower_Config	8	static
/home/me/ekinoks/ADC_DMA_Transfer/Src/main.c:214:13:MX_ADC4_Init	40	static
/home/me/ekinoks/ADC_DMA_Transfer/Src/main.c:278:13:MX_GPDMA1_Init	16	static
/home/me/ekinoks/ADC_DMA_Transfer/Src/main.c:320:13:MX_ICACHE_Init	8	static
/home/me/ekinoks/ADC_DMA_Transfer/Src/main.c:352:13:MX_GPIO_Init	40	static
/home/me/ekinoks/ADC_DMA_Transfer/Src/main.c:386:6:HAL_ADC_ConvHalfCpltCallback	16	static
/home/me/ekinoks/ADC_DMA_Transfer/Src/main.c:396:6:HAL_ADC_ConvCpltCallback	16	static
/home/me/ekinoks/ADC_DMA_Transfer/Src/main.c:410:6:HAL_TIM_PeriodElapsedCallback	16	static
/home/me/ekinoks/ADC_DMA_Transfer/Src/main.c:427:6:Error_Handler	4	static,ignoring_inline_asm
