/home/me/ekinoks/ADC_DMA_Transfer/Drivers/BSP/STM32U5xx_Nucleo/stm32u5xx_nucleo.c:115:9:BSP_GetVersion	4	static
/home/me/ekinoks/ADC_DMA_Transfer/Drivers/BSP/STM32U5xx_Nucleo/stm32u5xx_nucleo.c:124:16:BSP_GetBoardName	4	static
/home/me/ekinoks/ADC_DMA_Transfer/Drivers/BSP/STM32U5xx_Nucleo/stm32u5xx_nucleo.c:133:16:BSP_GetBoardID	4	static
/home/me/ekinoks/ADC_DMA_Transfer/Drivers/BSP/STM32U5xx_Nucleo/stm32u5xx_nucleo.c:147:9:BSP_LED_Init	64	static
/home/me/ekinoks/ADC_DMA_Transfer/Drivers/BSP/STM32U5xx_Nucleo/stm32u5xx_nucleo.c:208:9:BSP_LED_DeInit	40	static
/home/me/ekinoks/ADC_DMA_Transfer/Drivers/BSP/STM32U5xx_Nucleo/stm32u5xx_nucleo.c:238:9:BSP_LED_On	24	static
/home/me/ekinoks/ADC_DMA_Transfer/Drivers/BSP/STM32U5xx_Nucleo/stm32u5xx_nucleo.c:263:9:BSP_LED_Off	24	static
/home/me/ekinoks/ADC_DMA_Transfer/Drivers/BSP/STM32U5xx_Nucleo/stm32u5xx_nucleo.c:288:9:BSP_LED_Toggle	24	static
/home/me/ekinoks/ADC_DMA_Transfer/Drivers/BSP/STM32U5xx_Nucleo/stm32u5xx_nucleo.c:313:9:BSP_LED_GetState	24	static
/home/me/ekinoks/ADC_DMA_Transfer/Drivers/BSP/STM32U5xx_Nucleo/stm32u5xx_nucleo.c:340:9:BSP_PB_Init	40	static
/home/me/ekinoks/ADC_DMA_Transfer/Drivers/BSP/STM32U5xx_Nucleo/stm32u5xx_nucleo.c:385:9:BSP_PB_DeInit	40	static
/home/me/ekinoks/ADC_DMA_Transfer/Drivers/BSP/STM32U5xx_Nucleo/stm32u5xx_nucleo.c:403:9:BSP_PB_GetState	16	static
/home/me/ekinoks/ADC_DMA_Transfer/Drivers/BSP/STM32U5xx_Nucleo/stm32u5xx_nucleo.c:413:6:BSP_PB_IRQHandler	16	static
/home/me/ekinoks/ADC_DMA_Transfer/Drivers/BSP/STM32U5xx_Nucleo/stm32u5xx_nucleo.c:423:13:BSP_PB_Callback	16	static
/home/me/ekinoks/ADC_DMA_Transfer/Drivers/BSP/STM32U5xx_Nucleo/stm32u5xx_nucleo.c:645:13:BUTTON_USER_EXTI_Callback	8	static
